// Jest Snapshot v1, https://jestjs.io/docs/snapshot-testing

exports[`EndPointsGenerator should generate files 1`] = `
[
  {
    "endpoint": "api/v1/Lookup.{format}",
    "tag": "lookup",
  },
  {
    "endpoint": "api/v1/Lookup.{format}",
    "tag": "lookup2",
  },
  {
    "endpoint": "api/v1/Lookup.{format}",
    "tag": "lookupSnakeTest",
  },
  {
    "endpoint": "api/v1/Lookup.{format}",
    "tag": "lookupSnakeTest2",
  },
  {
    "endpoint": "api/v1/Lookup.{format}/GetLookup1",
    "tag": "lookupGetLookup1",
  },
  {
    "endpoint": "api/v1/Lookup.{format}/GetLookup2",
    "tag": "lookupGetLookup2",
  },
]
`;
