// Jest Snapshot v1, https://jestjs.io/docs/snapshot-testing

exports[`OpenApiDocConverter Tests should handle invalid getPropertyTypeScriptType() 1`] = `[TypeError: Cannot read properties of null (reading 'type')]`;

exports[`OpenApiDocConverter Tests should properly convertPaths 1`] = `
[
  {
    "endpoint": "GET_Employees",
    "tag": "employees",
  },
  {
    "endpoint": "POST_Employees",
    "tag": "employees",
  },
  {
    "endpoint": "PUT_Employees",
    "tag": "employees",
  },
  {
    "endpoint": "DELETE_Employees",
    "tag": "employees",
  },
  {
    "endpoint": "PATCH_Employees",
    "tag": "employees",
  },
]
`;
